// Jest Snapshot v1, https://goo.gl/fbAQLP

exports[`should render App snapshot 1`] = `
<section
  className="ant-layout ant-layout-has-sider site"
>
  <aside
    className="ant-layout-sider ant-layout-sider-dark site-sider"
    style={
      Object {
        "flex": "0 0 200px",
        "maxWidth": "200px",
        "minWidth": "200px",
        "width": "200px",
      }
    }
  >
    <div
      className="ant-layout-sider-children"
    >
      <ul
        className="ant-menu ant-menu-dark ant-menu-root ant-menu-vertical"
        onMouseEnter={[Function]}
        onTransitionEnd={[Function]}
        role="menu"
        style={Object {}}
      >
        <li
          className="ant-menu-item ant-menu-item-only-child"
          onClick={[Function]}
          onMouseEnter={[Function]}
          onMouseLeave={[Function]}
          role="menuitem"
          style={Object {}}
        >
          Завтрак
        </li>
        <li
          className="ant-menu-item ant-menu-item-only-child"
          onClick={[Function]}
          onMouseEnter={[Function]}
          onMouseLeave={[Function]}
          role="menuitem"
          style={Object {}}
        >
          Обед
        </li>
        <li
          className="ant-menu-item ant-menu-item-only-child"
          onClick={[Function]}
          onMouseEnter={[Function]}
          onMouseLeave={[Function]}
          role="menuitem"
          style={Object {}}
        >
          Ужин
        </li>
      </ul>
    </div>
  </aside>
  <section
    className="ant-layout"
  >
    <header
      className="ant-layout-header"
    >
      <h1
        className="ant-typography"
        style={
          Object {
            "WebkitLineClamp": null,
          }
        }
      >
        Best Menu
      </h1>
    </header>
    <main
      className="ant-layout-content"
    >
      Content
    </main>
    <footer
      className="ant-layout-footer"
    >
      Kitty-Hackers © 2020 Created by Bargamut
    </footer>
  </section>
</section>
`;
